// Jest Snapshot v1, https://goo.gl/fbAQLP

exports[`ProjectsComponent should fetch repositories and match snapshot 1`] = `
<projects
  isLoading={[Function Function]}
  portfolioRepository={[Function Function]}
  repositoriesWithoutPortfolioRepository={[Function Function]}
  store={[Function _SignalStore]}
>
  <div
    class="h-100 card rounded-0 rounded-start"
  >
    <div
      class="card-body d-flex align-items-center justify-content-center p-0"
    >
      <div
        class="h-100 w-100 scrollable-container"
      >
        <table
          class="table table-dark border-muted"
        >
          <tbody>
            <tr
              class="portfolio-repository text-start"
            >
              <td>
                <p
                  class="p-0 m-0"
                >
                  srednicki-lukasz.github.io
                </p>
                <small
                  class="accent"
                  style="font-size: 0.8rem;"
                >
                  &gt;_ Portfolio App.
                </small>
              </td>
              <td
                class="align-middle text-center pe-0"
                style="width: 70px;"
              >
                <a
                  class="btn text-light"
                  href="https://github.com/srednicki-lukasz/srednicki-lukasz.github.io"
                  target="_blank"
                  title="GitHub"
                >
                  <span
                    class="bi-github"
                  />
                  <span
                    class="bi-chevron-right small ms-2"
                  />
                </a>
              </td>
            </tr>
            <tr
              class="text-start"
            >
              <td>
                <p
                  class="p-0 m-0"
                >
                  srednicki-lukasz.github.io
                </p>
                <small
                  class="accent"
                  style="font-size: 0.8rem;"
                >
                  &gt;_ Portfolio App.
                </small>
              </td>
              <td
                class="align-middle text-center pe-0"
                style="width: 70px;"
              >
                <a
                  class="btn text-light"
                  href="https://github.com/srednicki-lukasz/srednicki-lukasz.github.io"
                  target="_blank"
                  title="GitHub"
                >
                  <span
                    class="bi-github"
                  />
                  <span
                    class="bi-chevron-right small ms-2"
                  />
                </a>
              </td>
            </tr>
          </tbody>
        </table>
      </div>
    </div>
  </div>
</projects>
`;
